2026-09-08 19:10:51,070 - INFO - Найдено шаблонов: 3
2026-09-08 19:11:09,475 - INFO - Загружен файл: employees.xlsx, строк: 0
2026-09-08 19:14:55,147 - INFO - Найдено шаблонов: 3
2026-09-08 19:14:58,222 - INFO - Загружен файл: employees.xlsx, строк: 1
2026-09-08 19:15:01,404 - INFO - Начало генерации: 1 человек × 3 шаблонов = 3 документов
2026-09-08 19:15:04,129 - ERROR - Ошибка при обработке Романов_Виталий_Николаевич - ~$Анкета.docx: Package not found at 'C:\Projects\app-excel\templates\~$Анкета.docx'
2026-09-08 19:15:08,591 - INFO - Генерация завершена. Успешно: 2, Ошибок: 1
2026-09-08 19:15:47,833 - INFO - Начало генерации: 1 человек × 3 шаблонов = 3 документов
2026-09-08 19:15:52,300 - ERROR - Ошибка при обработке Романов_Виталий_Николаевич - ~$Анкета.docx: Package not found at 'C:\Projects\app-excel\templates\~$Анкета.docx'
2026-09-08 19:15:56,650 - INFO - Генерация завершена. Успешно: 2, Ошибок: 1
2026-09-08 19:19:39,895 - INFO - Начало генерации: 1 человек × 3 шаблонов = 3 документов
2026-09-08 19:19:44,381 - ERROR - Ошибка при обработке Романов_Виталий_Николаевич - ~$Анкета.docx: Package not found at 'C:\Projects\app-excel\templates\~$Анкета.docx'
2026-09-08 19:19:48,741 - INFO - Генерация завершена. Успешно: 2, Ошибок: 1
2026-09-08 19:20:14,674 - INFO - Найдено шаблонов: 4
2026-09-08 19:20:17,649 - INFO - Загружен файл: employees.xlsx, строк: 1
2026-09-08 19:20:20,017 - INFO - Начало генерации: 1 человек × 4 шаблонов = 4 документов
2026-09-08 19:20:38,657 - INFO - Генерация завершена. Успешно: 4, Ошибок: 0
2026-09-08 19:35:27,009 - WARNING - Файл '11. Бланк заявления на хранение ПАТЕНТА.doc' в старом формате .doc. Конвертируйте его в .docx.
2026-09-08 19:35:27,010 - INFO - Найдено шаблонов: 14
2026-09-08 19:35:37,299 - INFO - Загружен файл: employees.xlsx, строк: 1
2026-09-08 19:37:33,021 - WARNING - Файл '11. Бланк заявления на хранение ПАТЕНТА.doc' в старом формате .doc. Конвертируйте его в .docx.
2026-09-08 19:37:33,021 - INFO - Найдено шаблонов: 14
2026-09-08 19:37:43,339 - INFO - Загружен файл: employees.xlsx, строк: 1
2026-09-08 19:38:01,076 - INFO - === НАЧАЛО ГЕНЕРАЦИИ ===
2026-09-08 19:38:01,076 - INFO - Папка сохранения: C:\Projects\app-excel\result
2026-09-08 19:38:01,077 - INFO - [1/1] Обработка: Романов Виталий Николаевич
2026-09-08 19:38:14,975 - INFO - === ГЕНЕРАЦИЯ ЗАВЕРШЕНА === Успешно: 3, Ошибок: 0
2026-09-08 19:43:17,422 - INFO - Загружен файл: employees.xlsx, строк: 11
2026-09-08 19:43:38,667 - INFO - === НАЧАЛО ГЕНЕРАЦИИ ===
2026-09-08 19:43:38,668 - INFO - Папка сохранения: C:\Projects\app-excel\result
2026-09-08 19:43:38,668 - INFO - [1/10] Обработка: Романов Виталий Николаевич
2026-09-08 19:43:52,459 - INFO - [2/10] Обработка: Шуков Тимофей Юрьевич
2026-09-08 19:44:06,250 - INFO - [3/10] Обработка: Лифарев Георгий Денисович
2026-09-08 19:44:20,119 - INFO - [4/10] Обработка: Андропов Федор Ильич
2026-09-08 19:44:33,995 - INFO - [5/10] Обработка: Жарких Георгий Максимович
2026-09-08 19:44:47,851 - INFO - [6/10] Обработка: Иванчик Ефим Федорович
2026-09-08 19:45:01,695 - INFO - [7/10] Обработка: Щербатюк Тимур Андреевич
2026-09-08 19:45:16,562 - INFO - [8/10] Обработка: Балыков Дамир Георгиевич
2026-09-08 19:45:30,394 - INFO - [9/10] Обработка: Ястребинский Андрей Леонидович
2026-09-08 19:45:42,203 - INFO - [10/10] Обработка: Хабургаев Павел Ринатович
2026-09-08 19:45:56,116 - INFO - === ГЕНЕРАЦИЯ ЗАВЕРШЕНА === Успешно: 30, Ошибок: 0
2026-09-08 19:47:24,528 - WARNING - Файл '11. Бланк заявления на хранение ПАТЕНТА.doc' в старом формате .doc. Конвертируйте его в .docx.
2026-09-08 19:47:24,530 - INFO - Найдено шаблонов: 14
2026-09-08 19:47:43,326 - INFO - Загружен файл: employees.xlsx, строк: 11
2026-09-08 19:47:57,772 - INFO - === НАЧАЛО ГЕНЕРАЦИИ ===
2026-09-08 19:47:57,773 - INFO - Папка сохранения: C:\Projects\app-excel\result
2026-09-08 19:47:57,774 - INFO - Формат вывода: word
2026-09-08 19:47:57,774 - INFO - [1/11] Обработка: Романов Виталий Николаевич
2026-09-08 19:47:57,794 - INFO -   Создан Word: C:\Projects\app-excel\result\Романов Виталий Николаевич\Романов Виталий Николаевич_1. Заявление на спецодежду.docx
2026-09-08 19:47:57,838 - INFO -   Создан Word: C:\Projects\app-excel\result\Романов Виталий Николаевич\Романов Виталий Николаевич_3. ЗАЯВЛЕНИЕ_пр.А_ на получение передачу пд третьим лицам.docx
2026-09-08 19:47:57,869 - INFO -   Создан Word: C:\Projects\app-excel\result\Романов Виталий Николаевич\Романов Виталий Николаевич_4. ЗАЯВЛЕНИЕ_пр.Е_ о согласии на обработку персональных данных.docx
2026-09-08 19:47:57,878 - INFO -   Создан Word: C:\Projects\app-excel\result\Романов Виталий Николаевич\Романов Виталий Николаевич_Анкета.docx
2026-09-08 19:47:57,880 - INFO - [2/11] Обработка: Шуков Тимофей Юрьевич
2026-09-08 19:47:57,894 - INFO -   Создан Word: C:\Projects\app-excel\result\Шуков Тимофей Юрьевич\Шуков Тимофей Юрьевич_1. Заявление на спецодежду.docx
2026-09-08 19:47:57,940 - INFO -   Создан Word: C:\Projects\app-excel\result\Шуков Тимофей Юрьевич\Шуков Тимофей Юрьевич_3. ЗАЯВЛЕНИЕ_пр.А_ на получение передачу пд третьим лицам.docx
2026-09-08 19:47:57,968 - INFO -   Создан Word: C:\Projects\app-excel\result\Шуков Тимофей Юрьевич\Шуков Тимофей Юрьевич_4. ЗАЯВЛЕНИЕ_пр.Е_ о согласии на обработку персональных данных.docx
2026-09-08 19:47:57,977 - INFO -   Создан Word: C:\Projects\app-excel\result\Шуков Тимофей Юрьевич\Шуков Тимофей Юрьевич_Анкета.docx
2026-09-08 19:47:57,979 - INFO - [3/11] Обработка: Лифарев Георгий Денисович
2026-09-08 19:47:57,993 - INFO -   Создан Word: C:\Projects\app-excel\result\Лифарев Георгий Денисович\Лифарев Георгий Денисович_1. Заявление на спецодежду.docx
2026-09-08 19:47:58,038 - INFO -   Создан Word: C:\Projects\app-excel\result\Лифарев Георгий Денисович\Лифарев Георгий Денисович_3. ЗАЯВЛЕНИЕ_пр.А_ на получение передачу пд третьим лицам.docx
2026-09-08 19:47:58,073 - INFO -   Создан Word: C:\Projects\app-excel\result\Лифарев Георгий Денисович\Лифарев Георгий Денисович_4. ЗАЯВЛЕНИЕ_пр.Е_ о согласии на обработку персональных данных.docx
2026-09-08 19:47:58,083 - INFO -   Создан Word: C:\Projects\app-excel\result\Лифарев Георгий Денисович\Лифарев Георгий Денисович_Анкета.docx
2026-09-08 19:47:58,085 - INFO - [4/11] Обработка: Андропов Федор Ильич
2026-09-08 19:47:58,099 - INFO -   Создан Word: C:\Projects\app-excel\result\Андропов Федор Ильич\Андропов Федор Ильич_1. Заявление на спецодежду.docx
2026-09-08 19:47:58,145 - INFO -   Создан Word: C:\Projects\app-excel\result\Андропов Федор Ильич\Андропов Федор Ильич_3. ЗАЯВЛЕНИЕ_пр.А_ на получение передачу пд третьим лицам.docx
2026-09-08 19:47:58,174 - INFO -   Создан Word: C:\Projects\app-excel\result\Андропов Федор Ильич\Андропов Федор Ильич_4. ЗАЯВЛЕНИЕ_пр.Е_ о согласии на обработку персональных данных.docx
2026-09-08 19:47:58,184 - INFO -   Создан Word: C:\Projects\app-excel\result\Андропов Федор Ильич\Андропов Федор Ильич_Анкета.docx
2026-09-08 19:47:58,186 - INFO - [5/11] Обработка: Жарких Георгий Максимович
2026-09-08 19:47:58,201 - INFO -   Создан Word: C:\Projects\app-excel\result\Жарких Георгий Максимович\Жарких Георгий Максимович_1. Заявление на спецодежду.docx
2026-09-08 19:47:58,246 - INFO -   Создан Word: C:\Projects\app-excel\result\Жарких Георгий Максимович\Жарких Георгий Максимович_3. ЗАЯВЛЕНИЕ_пр.А_ на получение передачу пд третьим лицам.docx
2026-09-08 19:47:58,284 - INFO -   Создан Word: C:\Projects\app-excel\result\Жарких Георгий Максимович\Жарких Георгий Максимович_4. ЗАЯВЛЕНИЕ_пр.Е_ о согласии на обработку персональных данных.docx
2026-09-08 19:47:58,294 - INFO -   Создан Word: C:\Projects\app-excel\result\Жарких Георгий Максимович\Жарких Георгий Максимович_Анкета.docx
2026-09-08 19:47:58,296 - INFO - [6/11] Обработка: Иванчик Ефим Федорович
2026-09-08 19:47:58,310 - INFO -   Создан Word: C:\Projects\app-excel\result\Иванчик Ефим Федорович\Иванчик Ефим Федорович_1. Заявление на спецодежду.docx
2026-09-08 19:47:58,362 - INFO -   Создан Word: C:\Projects\app-excel\result\Иванчик Ефим Федорович\Иванчик Ефим Федорович_3. ЗАЯВЛЕНИЕ_пр.А_ на получение передачу пд третьим лицам.docx
2026-09-08 19:47:58,393 - INFO -   Создан Word: C:\Projects\app-excel\result\Иванчик Ефим Федорович\Иванчик Ефим Федорович_4. ЗАЯВЛЕНИЕ_пр.Е_ о согласии на обработку персональных данных.docx
2026-09-08 19:47:58,403 - INFO -   Создан Word: C:\Projects\app-excel\result\Иванчик Ефим Федорович\Иванчик Ефим Федорович_Анкета.docx
2026-09-08 19:47:58,405 - INFO - [7/11] Обработка: Щербатюк Тимур Андреевич
2026-09-08 19:47:58,419 - INFO -   Создан Word: C:\Projects\app-excel\result\Щербатюк Тимур Андреевич\Щербатюк Тимур Андреевич_1. Заявление на спецодежду.docx
2026-09-08 19:47:58,467 - INFO -   Создан Word: C:\Projects\app-excel\result\Щербатюк Тимур Андреевич\Щербатюк Тимур Андреевич_3. ЗАЯВЛЕНИЕ_пр.А_ на получение передачу пд третьим лицам.docx
2026-09-08 19:47:58,496 - INFO -   Создан Word: C:\Projects\app-excel\result\Щербатюк Тимур Андреевич\Щербатюк Тимур Андреевич_4. ЗАЯВЛЕНИЕ_пр.Е_ о согласии на обработку персональных данных.docx
2026-09-08 19:47:58,505 - INFO -   Создан Word: C:\Projects\app-excel\result\Щербатюк Тимур Андреевич\Щербатюк Тимур Андреевич_Анкета.docx
2026-09-08 19:47:58,507 - INFO - [8/11] Обработка: Балыков Дамир Георгиевич
2026-09-08 19:47:58,521 - INFO -   Создан Word: C:\Projects\app-excel\result\Балыков Дамир Георгиевич\Балыков Дамир Георгиевич_1. Заявление на спецодежду.docx
2026-09-08 19:47:58,564 - INFO -   Создан Word: C:\Projects\app-excel\result\Балыков Дамир Георгиевич\Балыков Дамир Георгиевич_3. ЗАЯВЛЕНИЕ_пр.А_ на получение передачу пд третьим лицам.docx
2026-09-08 19:47:58,593 - INFO -   Создан Word: C:\Projects\app-excel\result\Балыков Дамир Георгиевич\Балыков Дамир Георгиевич_4. ЗАЯВЛЕНИЕ_пр.Е_ о согласии на обработку персональных данных.docx
2026-09-08 19:47:58,607 - INFO -   Создан Word: C:\Projects\app-excel\result\Балыков Дамир Георгиевич\Балыков Дамир Георгиевич_Анкета.docx
2026-09-08 19:47:58,609 - INFO - [9/11] Обработка: Ястребинский Андрей Леонидович
2026-09-08 19:47:58,623 - INFO -   Создан Word: C:\Projects\app-excel\result\Ястребинский Андрей Леонидович\Ястребинский Андрей Леонидович_1. Заявление на спецодежду.docx
2026-09-08 19:47:58,670 - INFO -   Создан Word: C:\Projects\app-excel\result\Ястребинский Андрей Леонидович\Ястребинский Андрей Леонидович_3. ЗАЯВЛЕНИЕ_пр.А_ на получение передачу пд третьим лицам.docx
2026-09-08 19:47:58,699 - INFO -   Создан Word: C:\Projects\app-excel\result\Ястребинский Андрей Леонидович\Ястребинский Андрей Леонидович_4. ЗАЯВЛЕНИЕ_пр.Е_ о согласии на обработку персональных данных.docx
2026-09-08 19:47:58,708 - INFO -   Создан Word: C:\Projects\app-excel\result\Ястребинский Андрей Леонидович\Ястребинский Андрей Леонидович_Анкета.docx
2026-09-08 19:47:58,710 - INFO - [10/11] Обработка: Хабургаев Павел Ринатович
2026-09-08 19:47:58,724 - INFO -   Создан Word: C:\Projects\app-excel\result\Хабургаев Павел Ринатович\Хабургаев Павел Ринатович_1. Заявление на спецодежду.docx
2026-09-08 19:47:58,769 - INFO -   Создан Word: C:\Projects\app-excel\result\Хабургаев Павел Ринатович\Хабургаев Павел Ринатович_3. ЗАЯВЛЕНИЕ_пр.А_ на получение передачу пд третьим лицам.docx
2026-09-08 19:47:58,797 - INFO -   Создан Word: C:\Projects\app-excel\result\Хабургаев Павел Ринатович\Хабургаев Павел Ринатович_4. ЗАЯВЛЕНИЕ_пр.Е_ о согласии на обработку персональных данных.docx
2026-09-08 19:47:58,806 - INFO -   Создан Word: C:\Projects\app-excel\result\Хабургаев Павел Ринатович\Хабургаев Павел Ринатович_Анкета.docx
2026-09-08 19:47:58,808 - INFO - [11/11] Обработка: Мышалов Дмитрий Игоревич
2026-09-08 19:47:58,823 - INFO -   Создан Word: C:\Projects\app-excel\result\Мышалов Дмитрий Игоревич\Мышалов Дмитрий Игоревич_1. Заявление на спецодежду.docx
2026-09-08 19:47:58,875 - INFO -   Создан Word: C:\Projects\app-excel\result\Мышалов Дмитрий Игоревич\Мышалов Дмитрий Игоревич_3. ЗАЯВЛЕНИЕ_пр.А_ на получение передачу пд третьим лицам.docx
2026-09-08 19:47:58,906 - INFO -   Создан Word: C:\Projects\app-excel\result\Мышалов Дмитрий Игоревич\Мышалов Дмитрий Игоревич_4. ЗАЯВЛЕНИЕ_пр.Е_ о согласии на обработку персональных данных.docx
2026-09-08 19:47:58,915 - INFO -   Создан Word: C:\Projects\app-excel\result\Мышалов Дмитрий Игоревич\Мышалов Дмитрий Игоревич_Анкета.docx
2026-09-08 19:47:58,917 - INFO - === ГЕНЕРАЦИЯ ЗАВЕРШЕНА === Успешно: 44, Ошибок: 0
2026-09-08 19:51:43,631 - WARNING - Файл '11. Бланк заявления на хранение ПАТЕНТА.doc' в старом формате .doc. Конвертируйте его в .docx.
2026-09-08 19:51:43,631 - INFO - Найдено шаблонов: 14
2026-09-08 19:51:56,949 - INFO - Загружен файл: employees.xlsx, строк: 11
2026-09-08 19:52:13,007 - INFO - === НАЧАЛО ГЕНЕРАЦИИ ===
2026-09-08 19:52:13,007 - INFO - Папка сохранения: C:\Projects\app-excel\result
2026-09-08 19:52:13,008 - INFO - Формат вывода: word
2026-09-08 19:52:13,008 - INFO - [1/11] Обработка: Романов Виталий Николаевич
2026-09-08 19:52:13,039 - INFO -   Создан Word: C:\Projects\app-excel\result\Романов Виталий Николаевич\Романов Виталий Николаевич_1. Заявление на спецодежду.docx
2026-09-08 19:52:13,093 - INFO -   Создан Word: C:\Projects\app-excel\result\Романов Виталий Николаевич\Романов Виталий Николаевич_3. ЗАЯВЛЕНИЕ_пр.А_ на получение передачу пд третьим лицам.docx
2026-09-08 19:52:13,122 - INFO -   Создан Word: C:\Projects\app-excel\result\Романов Виталий Николаевич\Романов Виталий Николаевич_4. ЗАЯВЛЕНИЕ_пр.Е_ о согласии на обработку персональных данных.docx
2026-09-08 19:52:13,131 - INFO -   Создан Word: C:\Projects\app-excel\result\Романов Виталий Николаевич\Романов Виталий Николаевич_Анкета.docx
2026-09-08 19:52:13,132 - INFO - [2/11] Обработка: Шуков Тимофей Юрьевич
2026-09-08 19:52:13,146 - INFO -   Создан Word: C:\Projects\app-excel\result\Шуков Тимофей Юрьевич\Шуков Тимофей Юрьевич_1. Заявление на спецодежду.docx
2026-09-08 19:52:13,191 - INFO -   Создан Word: C:\Projects\app-excel\result\Шуков Тимофей Юрьевич\Шуков Тимофей Юрьевич_3. ЗАЯВЛЕНИЕ_пр.А_ на получение передачу пд третьим лицам.docx
2026-09-08 19:52:13,219 - INFO -   Создан Word: C:\Projects\app-excel\result\Шуков Тимофей Юрьевич\Шуков Тимофей Юрьевич_4. ЗАЯВЛЕНИЕ_пр.Е_ о согласии на обработку персональных данных.docx
2026-09-08 19:52:13,227 - INFO -   Создан Word: C:\Projects\app-excel\result\Шуков Тимофей Юрьевич\Шуков Тимофей Юрьевич_Анкета.docx
2026-09-08 19:52:13,229 - INFO - [3/11] Обработка: Лифарев Георгий Денисович
2026-09-08 19:52:13,244 - INFO -   Создан Word: C:\Projects\app-excel\result\Лифарев Георгий Денисович\Лифарев Георгий Денисович_1. Заявление на спецодежду.docx
2026-09-08 19:52:13,289 - INFO -   Создан Word: C:\Projects\app-excel\result\Лифарев Георгий Денисович\Лифарев Георгий Денисович_3. ЗАЯВЛЕНИЕ_пр.А_ на получение передачу пд третьим лицам.docx
2026-09-08 19:52:13,327 - INFO -   Создан Word: C:\Projects\app-excel\result\Лифарев Георгий Денисович\Лифарев Георгий Денисович_4. ЗАЯВЛЕНИЕ_пр.Е_ о согласии на обработку персональных данных.docx
2026-09-08 19:52:13,337 - INFO -   Создан Word: C:\Projects\app-excel\result\Лифарев Георгий Денисович\Лифарев Георгий Денисович_Анкета.docx
2026-09-08 19:52:13,338 - INFO - [4/11] Обработка: Андропов Федор Ильич
2026-09-08 19:52:13,353 - INFO -   Создан Word: C:\Projects\app-excel\result\Андропов Федор Ильич\Андропов Федор Ильич_1. Заявление на спецодежду.docx
2026-09-08 19:52:13,400 - INFO -   Создан Word: C:\Projects\app-excel\result\Андропов Федор Ильич\Андропов Федор Ильич_3. ЗАЯВЛЕНИЕ_пр.А_ на получение передачу пд третьим лицам.docx
2026-09-08 19:52:13,429 - INFO -   Создан Word: C:\Projects\app-excel\result\Андропов Федор Ильич\Андропов Федор Ильич_4. ЗАЯВЛЕНИЕ_пр.Е_ о согласии на обработку персональных данных.docx
2026-09-08 19:52:13,439 - INFO -   Создан Word: C:\Projects\app-excel\result\Андропов Федор Ильич\Андропов Федор Ильич_Анкета.docx
2026-09-08 19:52:13,440 - INFO - [5/11] Обработка: Жарких Георгий Максимович
2026-09-08 19:52:13,455 - INFO -   Создан Word: C:\Projects\app-excel\result\Жарких Георгий Максимович\Жарких Георгий Максимович_1. Заявление на спецодежду.docx
2026-09-08 19:52:13,501 - INFO -   Создан Word: C:\Projects\app-excel\result\Жарких Георгий Максимович\Жарких Георгий Максимович_3. ЗАЯВЛЕНИЕ_пр.А_ на получение передачу пд третьим лицам.docx
2026-09-08 19:52:13,528 - INFO -   Создан Word: C:\Projects\app-excel\result\Жарких Георгий Максимович\Жарких Георгий Максимович_4. ЗАЯВЛЕНИЕ_пр.Е_ о согласии на обработку персональных данных.docx
2026-09-08 19:52:13,538 - INFO -   Создан Word: C:\Projects\app-excel\result\Жарких Георгий Максимович\Жарких Георгий Максимович_Анкета.docx
2026-09-08 19:52:13,539 - INFO - [6/11] Обработка: Иванчик Ефим Федорович
2026-09-08 19:52:13,554 - INFO -   Создан Word: C:\Projects\app-excel\result\Иванчик Ефим Федорович\Иванчик Ефим Федорович_1. Заявление на спецодежду.docx
2026-09-08 19:52:13,606 - INFO -   Создан Word: C:\Projects\app-excel\result\Иванчик Ефим Федорович\Иванчик Ефим Федорович_3. ЗАЯВЛЕНИЕ_пр.А_ на получение передачу пд третьим лицам.docx
2026-09-08 19:52:13,635 - INFO -   Создан Word: C:\Projects\app-excel\result\Иванчик Ефим Федорович\Иванчик Ефим Федорович_4. ЗАЯВЛЕНИЕ_пр.Е_ о согласии на обработку персональных данных.docx
2026-09-08 19:52:13,644 - INFO -   Создан Word: C:\Projects\app-excel\result\Иванчик Ефим Федорович\Иванчик Ефим Федорович_Анкета.docx
2026-09-08 19:52:13,646 - INFO - [7/11] Обработка: Щербатюк Тимур Андреевич
2026-09-08 19:52:13,660 - INFO -   Создан Word: C:\Projects\app-excel\result\Щербатюк Тимур Андреевич\Щербатюк Тимур Андреевич_1. Заявление на спецодежду.docx
2026-09-08 19:52:13,705 - INFO -   Создан Word: C:\Projects\app-excel\result\Щербатюк Тимур Андреевич\Щербатюк Тимур Андреевич_3. ЗАЯВЛЕНИЕ_пр.А_ на получение передачу пд третьим лицам.docx
2026-09-08 19:52:13,733 - INFO -   Создан Word: C:\Projects\app-excel\result\Щербатюк Тимур Андреевич\Щербатюк Тимур Андреевич_4. ЗАЯВЛЕНИЕ_пр.Е_ о согласии на обработку персональных данных.docx
2026-09-08 19:52:13,742 - INFO -   Создан Word: C:\Projects\app-excel\result\Щербатюк Тимур Андреевич\Щербатюк Тимур Андреевич_Анкета.docx
2026-09-08 19:52:13,744 - INFO - [8/11] Обработка: Балыков Дамир Георгиевич
2026-09-08 19:52:13,758 - INFO -   Создан Word: C:\Projects\app-excel\result\Балыков Дамир Георгиевич\Балыков Дамир Георгиевич_1. Заявление на спецодежду.docx
2026-09-08 19:52:13,803 - INFO -   Создан Word: C:\Projects\app-excel\result\Балыков Дамир Георгиевич\Балыков Дамир Георгиевич_3. ЗАЯВЛЕНИЕ_пр.А_ на получение передачу пд третьим лицам.docx
2026-09-08 19:52:13,831 - INFO -   Создан Word: C:\Projects\app-excel\result\Балыков Дамир Георгиевич\Балыков Дамир Георгиевич_4. ЗАЯВЛЕНИЕ_пр.Е_ о согласии на обработку персональных данных.docx
2026-09-08 19:52:13,847 - INFO -   Создан Word: C:\Projects\app-excel\result\Балыков Дамир Георгиевич\Балыков Дамир Георгиевич_Анкета.docx
2026-09-08 19:52:13,848 - INFO - [9/11] Обработка: Ястребинский Андрей Леонидович
2026-09-08 19:52:13,864 - INFO -   Создан Word: C:\Projects\app-excel\result\Ястребинский Андрей Леонидович\Ястребинский Андрей Леонидович_1. Заявление на спецодежду.docx
2026-09-08 19:52:13,910 - INFO -   Создан Word: C:\Projects\app-excel\result\Ястребинский Андрей Леонидович\Ястребинский Андрей Леонидович_3. ЗАЯВЛЕНИЕ_пр.А_ на получение передачу пд третьим лицам.docx
2026-09-08 19:52:13,938 - INFO -   Создан Word: C:\Projects\app-excel\result\Ястребинский Андрей Леонидович\Ястребинский Андрей Леонидович_4. ЗАЯВЛЕНИЕ_пр.Е_ о согласии на обработку персональных данных.docx
2026-09-08 19:52:13,947 - INFO -   Создан Word: C:\Projects\app-excel\result\Ястребинский Андрей Леонидович\Ястребинский Андрей Леонидович_Анкета.docx
2026-09-08 19:52:13,949 - INFO - [10/11] Обработка: Хабургаев Павел Ринатович
2026-09-08 19:52:13,964 - INFO -   Создан Word: C:\Projects\app-excel\result\Хабургаев Павел Ринатович\Хабургаев Павел Ринатович_1. Заявление на спецодежду.docx
2026-09-08 19:52:14,009 - INFO -   Создан Word: C:\Projects\app-excel\result\Хабургаев Павел Ринатович\Хабургаев Павел Ринатович_3. ЗАЯВЛЕНИЕ_пр.А_ на получение передачу пд третьим лицам.docx
2026-09-08 19:52:14,037 - INFO -   Создан Word: C:\Projects\app-excel\result\Хабургаев Павел Ринатович\Хабургаев Павел Ринатович_4. ЗАЯВЛЕНИЕ_пр.Е_ о согласии на обработку персональных данных.docx
2026-09-08 19:52:14,046 - INFO -   Создан Word: C:\Projects\app-excel\result\Хабургаев Павел Ринатович\Хабургаев Павел Ринатович_Анкета.docx
2026-09-08 19:52:14,048 - INFO - [11/11] Обработка: Мышалов Дмитрий Игоревич
2026-09-08 19:52:14,062 - INFO -   Создан Word: C:\Projects\app-excel\result\Мышалов Дмитрий Игоревич\Мышалов Дмитрий Игоревич_1. Заявление на спецодежду.docx
2026-09-08 19:52:14,116 - INFO -   Создан Word: C:\Projects\app-excel\result\Мышалов Дмитрий Игоревич\Мышалов Дмитрий Игоревич_3. ЗАЯВЛЕНИЕ_пр.А_ на получение передачу пд третьим лицам.docx
2026-09-08 19:52:14,148 - INFO -   Создан Word: C:\Projects\app-excel\result\Мышалов Дмитрий Игоревич\Мышалов Дмитрий Игоревич_4. ЗАЯВЛЕНИЕ_пр.Е_ о согласии на обработку персональных данных.docx
2026-09-08 19:52:14,157 - INFO -   Создан Word: C:\Projects\app-excel\result\Мышалов Дмитрий Игоревич\Мышалов Дмитрий Игоревич_Анкета.docx
2026-09-08 19:52:14,159 - INFO - === ГЕНЕРАЦИЯ ЗАВЕРШЕНА === Успешно: 44, Ошибок: 0
2026-09-08 22:39:40,683 - WARNING - Файл '11. Бланк заявления на хранение ПАТЕНТА.doc' в старом формате .doc. Конвертируйте его в .docx.
2026-09-08 22:39:40,685 - INFO - Найдено шаблонов: 14
2026-09-08 22:39:45,091 - INFO - Загружен файл: employees.xlsx, строк: 11
2026-09-08 22:39:55,236 - INFO - === НАЧАЛО ГЕНЕРАЦИИ ===
2026-09-08 22:39:55,236 - INFO - Папка сохранения: C:\Projects\app-excel\result
2026-09-08 22:39:55,237 - INFO - Формат вывода: word
2026-09-08 22:39:55,237 - INFO - [1/1] Обработка: Балыков Дамир Георгиевич
2026-09-08 22:39:55,288 - INFO -   Создан Word: C:\Projects\app-excel\result\Балыков Дамир Георгиевич\Балыков Дамир Георгиевич_3. ЗАЯВЛЕНИЕ_пр.А_ на получение передачу пд третьим лицам.docx
2026-09-08 22:39:55,328 - INFO -   Создан Word: C:\Projects\app-excel\result\Балыков Дамир Георгиевич\Балыков Дамир Георгиевич_4. ЗАЯВЛЕНИЕ_пр.Е_ о согласии на обработку персональных данных.docx
2026-09-08 22:39:55,329 - INFO - === ГЕНЕРАЦИЯ ЗАВЕРШЕНА === Успешно: 2, Ошибок: 0
2026-09-08 22:40:23,103 - WARNING - Файл '11. Бланк заявления на хранение ПАТЕНТА.doc' в старом формате .doc. Конвертируйте его в .docx.
2026-09-08 22:40:23,104 - INFO - Найдено шаблонов: 14
2026-09-08 22:40:25,981 - INFO - Загружен файл: employees.xlsx, строк: 11
2026-09-08 22:40:32,939 - INFO - === НАЧАЛО ГЕНЕРАЦИИ ===
2026-09-08 22:40:32,939 - INFO - Папка сохранения: C:\Projects\app-excel\result
2026-09-08 22:40:32,940 - INFO - Формат вывода: word
2026-09-08 22:40:32,940 - INFO - [1/1] Обработка: Балыков Дамир Георгиевич
2026-09-08 22:40:32,987 - INFO -   Создан Word: C:\Projects\app-excel\result\Балыков Дамир Георгиевич\Балыков Дамир Георгиевич_3. ЗАЯВЛЕНИЕ_пр.А_ на получение передачу пд третьим лицам.docx
2026-09-08 22:40:33,016 - INFO -   Создан Word: C:\Projects\app-excel\result\Балыков Дамир Георгиевич\Балыков Дамир Георгиевич_4. ЗАЯВЛЕНИЕ_пр.Е_ о согласии на обработку персональных данных.docx
2026-09-08 22:40:33,017 - INFO - === ГЕНЕРАЦИЯ ЗАВЕРШЕНА === Успешно: 2, Ошибок: 0
2026-09-08 22:45:41,914 - INFO - Найдено шаблонов: 15
2026-09-08 22:45:49,482 - INFO - Загружен файл: employees.xlsx, строк: 11
2026-09-08 22:45:54,164 - INFO - === НАЧАЛО ГЕНЕРАЦИИ ===
2026-09-08 22:45:54,164 - INFO - Папка сохранения: C:\Projects\app-excel\result
2026-09-08 22:45:54,164 - INFO - Формат вывода: word
2026-09-08 22:45:54,165 - INFO - [1/1] Обработка: Балыков Дамир Георгиевич
2026-09-08 22:45:54,212 - INFO -   Создан Word: C:\Projects\app-excel\result\Балыков Дамир Георгиевич\Балыков Дамир Георгиевич_3. ЗАЯВЛЕНИЕ_пр.А_ на получение передачу пд третьим лицам.docx
2026-09-08 22:45:54,243 - INFO -   Создан Word: C:\Projects\app-excel\result\Балыков Дамир Георгиевич\Балыков Дамир Георгиевич_4. ЗАЯВЛЕНИЕ_пр.Е_ о согласии на обработку персональных данных.docx
2026-09-08 22:45:54,244 - INFO - === ГЕНЕРАЦИЯ ЗАВЕРШЕНА === Успешно: 2, Ошибок: 0
2026-09-08 22:47:30,400 - INFO - Найдено шаблонов: 15
2026-09-08 22:47:39,248 - INFO - Загружен файл: employees.xlsx, строк: 11
2026-09-08 22:47:45,711 - INFO - === НАЧАЛО ГЕНЕРАЦИИ ===
2026-09-08 22:47:45,711 - INFO - Папка сохранения: C:\Projects\app-excel\result
2026-09-08 22:47:45,712 - INFO - Формат вывода: word
2026-09-08 22:47:45,712 - INFO - [1/1] Обработка: Балыков Дамир Георгиевич
2026-09-08 22:47:45,744 - INFO -   Создан Word: C:\Projects\app-excel\result\Балыков Дамир Георгиевич\Балыков Дамир Георгиевич_4. ЗАЯВЛЕНИЕ_пр.Е_ о согласии на обработку персональных данных.docx
2026-09-08 22:47:45,771 - INFO -   Создан Word: C:\Projects\app-excel\result\Балыков Дамир Георгиевич\Балыков Дамир Георгиевич_5. Увольнение по сж.docx
2026-09-08 22:47:45,774 - INFO - === ГЕНЕРАЦИЯ ЗАВЕРШЕНА === Успешно: 2, Ошибок: 0
2026-09-08 22:48:47,532 - INFO - Найдено шаблонов: 15
2026-09-08 22:48:50,983 - INFO - Загружен файл: employees.xlsx, строк: 11
2026-09-08 22:49:02,065 - INFO - === НАЧАЛО ГЕНЕРАЦИИ ===
2026-09-08 22:49:02,065 - INFO - Папка сохранения: C:\Projects\app-excel\result
2026-09-08 22:49:02,066 - INFO - Формат вывода: word
2026-09-08 22:49:02,066 - INFO - [1/1] Обработка: Балыков Дамир Георгиевич
2026-09-08 22:49:02,086 - INFO -   Создан Word: C:\Projects\app-excel\result\Балыков Дамир Георгиевич\Балыков Дамир Георгиевич_1. Заявление на спецодежду.docx
2026-09-08 22:49:02,114 - INFO -   Создан Word: C:\Projects\app-excel\result\Балыков Дамир Георгиевич\Балыков Дамир Георгиевич_10. Подтверждение регистрации в приложении АМИНА.docx
2026-09-08 22:49:02,147 - INFO -   Создан Word: C:\Projects\app-excel\result\Балыков Дамир Георгиевич\Балыков Дамир Георгиевич_11. Бланк заявления на хранение ПАТЕНТА.docx
2026-09-08 22:49:02,188 - INFO -   Создан Word: C:\Projects\app-excel\result\Балыков Дамир Георгиевич\Балыков Дамир Георгиевич_3. ЗАЯВЛЕНИЕ_пр.А_ на получение передачу пд третьим лицам.docx
2026-09-08 22:49:02,214 - INFO -   Создан Word: C:\Projects\app-excel\result\Балыков Дамир Георгиевич\Балыков Дамир Георгиевич_4. ЗАЯВЛЕНИЕ_пр.Е_ о согласии на обработку персональных данных.docx
2026-09-08 22:49:02,225 - INFO -   Создан Word: C:\Projects\app-excel\result\Балыков Дамир Георгиевич\Балыков Дамир Георгиевич_5. Увольнение по сж.docx
2026-09-08 22:49:02,246 - INFO -   Создан Word: C:\Projects\app-excel\result\Балыков Дамир Георгиевич\Балыков Дамир Георгиевич_6. Заявление на перечисление зарплаты по реквизитам.docx
2026-09-08 22:49:02,264 - INFO -   Создан Word: C:\Projects\app-excel\result\Балыков Дамир Георгиевич\Балыков Дамир Георгиевич_7. Заявление на удержание из ЗП 1 раз в 3 мес.docx
2026-09-08 22:49:02,295 - INFO -   Создан Word: C:\Projects\app-excel\result\Балыков Дамир Георгиевич\Балыков Дамир Георгиевич_8. Заявл. _патент_ на уменьшение НДФЛ.docx
2026-09-08 22:49:02,308 - INFO -   Создан Word: C:\Projects\app-excel\result\Балыков Дамир Георгиевич\Балыков Дамир Георгиевич_9. Заявление на питание.docx
2026-09-08 22:49:02,319 - INFO -   Создан Word: C:\Projects\app-excel\result\Балыков Дамир Георгиевич\Балыков Дамир Георгиевич_Анкета.docx
2026-09-08 22:49:02,371 - INFO -   Создан Word: C:\Projects\app-excel\result\Балыков Дамир Георгиевич\Балыков Дамир Георгиевич_Направление на инструктаж.docx
2026-09-08 22:49:02,443 - INFO -   Создан Word: C:\Projects\app-excel\result\Балыков Дамир Георгиевич\Балыков Дамир Георгиевич_Направление Пожарная безопасность.docx
2026-09-08 22:49:02,472 - INFO -   Создан Word: C:\Projects\app-excel\result\Балыков Дамир Георгиевич\Балыков Дамир Георгиевич_Приложение 2-9 _приказ от 12.05.2026 № 290.docx
2026-09-08 22:49:02,502 - INFO -   Создан Word: C:\Projects\app-excel\result\Балыков Дамир Георгиевич\Балыков Дамир Георгиевич_Приложение 3-9 _приказ от 12.05.2026 № 290.docx
2026-09-08 22:49:02,504 - INFO - === ГЕНЕРАЦИЯ ЗАВЕРШЕНА === Успешно: 15, Ошибок: 0
2026-09-08 23:08:13,027 - INFO - Найдено шаблонов: 15
2026-09-08 23:08:25,281 - INFO - Загружен файл: employees.xlsx, строк: 11
2026-09-08 23:10:49,810 - INFO - Найдено шаблонов: 15
2026-09-08 23:10:57,969 - INFO - Загружен файл: employees.xlsx, строк: 11
2026-09-08 23:11:34,045 - INFO - === НАЧАЛО ГЕНЕРАЦИИ ===
2026-09-08 23:11:34,045 - INFO - Папка сохранения: C:\Projects\app-excel\result
2026-09-08 23:11:34,046 - INFO - Формат вывода: word
2026-09-08 23:11:34,046 - INFO - Дата заполнения для документов: 26.05.2026
2026-09-08 23:11:34,046 - INFO - [1/1] Обработка: Хабургаев Павел Ринатович
2026-09-08 23:11:34,094 - INFO -   Создан Word: C:\Projects\app-excel\result\Хабургаев Павел Ринатович\Хабургаев Павел Ринатович_3. ЗАЯВЛЕНИЕ_пр.А_ на получение передачу пд третьим лицам.docx
2026-09-08 23:11:34,123 - INFO -   Создан Word: C:\Projects\app-excel\result\Хабургаев Павел Ринатович\Хабургаев Павел Ринатович_4. ЗАЯВЛЕНИЕ_пр.Е_ о согласии на обработку персональных данных.docx
2026-09-08 23:11:34,128 - INFO - === ГЕНЕРАЦИЯ ЗАВЕРШЕНА === Успешно: 2, Ошибок: 0
2026-09-08 23:14:09,183 - INFO - Найдено шаблонов: 15
2026-09-08 23:14:16,126 - INFO - Загружен файл: employees.xlsx, строк: 11
2026-09-08 23:14:26,726 - INFO - === НАЧАЛО ГЕНЕРАЦИИ ===
2026-09-08 23:14:26,727 - INFO - Папка сохранения: C:\Projects\app-excel\result
2026-09-08 23:14:26,727 - INFO - Формат вывода: word
2026-09-08 23:14:26,727 - INFO - Дата заполнения для документов: 08.09.2026
2026-09-08 23:14:26,728 - INFO - [1/1] Обработка: Хабургаев Павел Ринатович
2026-09-08 23:14:26,774 - INFO -   Создан Word: C:\Projects\app-excel\result\Хабургаев Павел Ринатович\Хабургаев Павел Ринатович_3. ЗАЯВЛЕНИЕ_пр.А_ на получение передачу пд третьим лицам.docx
2026-09-08 23:14:26,827 - INFO -   Создан Word: C:\Projects\app-excel\result\Хабургаев Павел Ринатович\Хабургаев Павел Ринатович_4. ЗАЯВЛЕНИЕ_пр.Е_ о согласии на обработку персональных данных.docx
2026-09-08 23:14:26,828 - INFO - === ГЕНЕРАЦИЯ ЗАВЕРШЕНА === Успешно: 2, Ошибок: 0
2026-09-08 23:27:19,697 - INFO - Найдено шаблонов: 15
2026-09-08 23:27:23,595 - INFO - Загружен файл: employees.xlsx, строк: 11
2026-09-08 23:27:31,237 - INFO - === НАЧАЛО ГЕНЕРАЦИИ ===
2026-09-08 23:27:31,237 - INFO - Папка сохранения: C:\Projects\app-excel\result
2026-09-08 23:27:31,238 - INFO - Формат вывода: word
2026-09-08 23:27:31,238 - INFO - Дата заполнения для документов: 08.09.2026
2026-09-08 23:27:31,239 - INFO - [1/1] Обработка: Ястребинский Андрей Леонидович
2026-09-08 23:27:31,258 - INFO -   Создан Word: C:\Projects\app-excel\result\Ястребинский Андрей Леонидович\Ястребинский Андрей Леонидович_1. Заявление на спецодежду.docx
2026-09-08 23:27:31,288 - INFO -   Создан Word: C:\Projects\app-excel\result\Ястребинский Андрей Леонидович\Ястребинский Андрей Леонидович_10. Подтверждение регистрации в приложении АМИНА.docx
2026-09-08 23:27:31,324 - INFO -   Создан Word: C:\Projects\app-excel\result\Ястребинский Андрей Леонидович\Ястребинский Андрей Леонидович_11. Бланк заявления на хранение ПАТЕНТА.docx
2026-09-08 23:27:31,367 - INFO -   Создан Word: C:\Projects\app-excel\result\Ястребинский Андрей Леонидович\Ястребинский Андрей Леонидович_3. ЗАЯВЛЕНИЕ_пр.А_ на получение передачу пд третьим лицам.docx
2026-09-08 23:27:31,395 - INFO -   Создан Word: C:\Projects\app-excel\result\Ястребинский Андрей Леонидович\Ястребинский Андрей Леонидович_4. ЗАЯВЛЕНИЕ_пр.Е_ о согласии на обработку персональных данных.docx
2026-09-08 23:27:31,407 - INFO -   Создан Word: C:\Projects\app-excel\result\Ястребинский Андрей Леонидович\Ястребинский Андрей Леонидович_5. Увольнение по сж.docx
2026-09-08 23:27:31,427 - INFO -   Создан Word: C:\Projects\app-excel\result\Ястребинский Андрей Леонидович\Ястребинский Андрей Леонидович_6. Заявление на перечисление зарплаты по реквизитам.docx
2026-09-08 23:27:31,446 - INFO -   Создан Word: C:\Projects\app-excel\result\Ястребинский Андрей Леонидович\Ястребинский Андрей Леонидович_7. Заявление на удержание из ЗП 1 раз в 3 мес.docx
2026-09-08 23:27:31,474 - INFO -   Создан Word: C:\Projects\app-excel\result\Ястребинский Андрей Леонидович\Ястребинский Андрей Леонидович_8. Заявл. _патент_ на уменьшение НДФЛ.docx
2026-09-08 23:27:31,488 - INFO -   Создан Word: C:\Projects\app-excel\result\Ястребинский Андрей Леонидович\Ястребинский Андрей Леонидович_9. Заявление на питание.docx
2026-09-08 23:27:31,499 - INFO -   Создан Word: C:\Projects\app-excel\result\Ястребинский Андрей Леонидович\Ястребинский Андрей Леонидович_Анкета.docx
2026-09-08 23:27:31,558 - INFO -   Создан Word: C:\Projects\app-excel\result\Ястребинский Андрей Леонидович\Ястребинский Андрей Леонидович_Направление на инструктаж.docx
2026-09-08 23:27:31,627 - INFO -   Создан Word: C:\Projects\app-excel\result\Ястребинский Андрей Леонидович\Ястребинский Андрей Леонидович_Направление Пожарная безопасность.docx
2026-09-08 23:27:31,659 - INFO -   Создан Word: C:\Projects\app-excel\result\Ястребинский Андрей Леонидович\Ястребинский Андрей Леонидович_Приложение 2-9 _приказ от 12.05.2026 № 290.docx
2026-09-08 23:27:31,691 - INFO -   Создан Word: C:\Projects\app-excel\result\Ястребинский Андрей Леонидович\Ястребинский Андрей Леонидович_Приложение 3-9 _приказ от 12.05.2026 № 290.docx
2026-09-08 23:27:31,693 - INFO - === ГЕНЕРАЦИЯ ЗАВЕРШЕНА === Успешно: 15, Ошибок: 0
2026-09-09 12:42:33,215 - INFO - Найдено шаблонов: 15
2026-09-09 12:44:04,157 - INFO - Найдено шаблонов: 15
2026-09-09 12:44:36,571 - INFO - Загружен файл: employees.xlsx, строк: 11
2026-09-09 12:44:48,305 - INFO - === НАЧАЛО ГЕНЕРАЦИИ ===
2026-09-09 12:44:48,305 - INFO - Папка сохранения: C:\Projects\app-excel(Улучшенный вариант)\app-excel\result
2026-09-09 12:44:48,306 - INFO - Формат вывода: word
2026-09-09 12:44:48,306 - INFO - Дата заполнения для документов: 09.09.2026
2026-09-09 12:44:48,307 - INFO - [1/1] Обработка: Хабургаев Павел Ринатович
2026-09-09 12:44:48,336 - INFO -   Создан Word: C:\Projects\app-excel(Улучшенный вариант)\app-excel\result\Хабургаев Павел Ринатович\Хабургаев Павел Ринатович_1. Заявление на спецодежду.docx
2026-09-09 12:44:48,376 - INFO -   Создан Word: C:\Projects\app-excel(Улучшенный вариант)\app-excel\result\Хабургаев Павел Ринатович\Хабургаев Павел Ринатович_10. Подтверждение регистрации в приложении АМИНА.docx
2026-09-09 12:44:48,410 - INFO -   Создан Word: C:\Projects\app-excel(Улучшенный вариант)\app-excel\result\Хабургаев Павел Ринатович\Хабургаев Павел Ринатович_11. Бланк заявления на хранение ПАТЕНТА.docx
2026-09-09 12:44:48,456 - INFO -   Создан Word: C:\Projects\app-excel(Улучшенный вариант)\app-excel\result\Хабургаев Павел Ринатович\Хабургаев Павел Ринатович_3. ЗАЯВЛЕНИЕ_пр.А_ на получение передачу пд третьим лицам.docx
2026-09-09 12:44:48,494 - INFO -   Создан Word: C:\Projects\app-excel(Улучшенный вариант)\app-excel\result\Хабургаев Павел Ринатович\Хабургаев Павел Ринатович_4. ЗАЯВЛЕНИЕ_пр.Е_ о согласии на обработку персональных данных.docx
2026-09-09 12:44:48,511 - INFO -   Создан Word: C:\Projects\app-excel(Улучшенный вариант)\app-excel\result\Хабургаев Павел Ринатович\Хабургаев Павел Ринатович_5. Увольнение по сж.docx
2026-09-09 12:44:48,549 - INFO -   Создан Word: C:\Projects\app-excel(Улучшенный вариант)\app-excel\result\Хабургаев Павел Ринатович\Хабургаев Павел Ринатович_6. Заявление на перечисление зарплаты по реквизитам.docx
2026-09-09 12:44:48,574 - INFO -   Создан Word: C:\Projects\app-excel(Улучшенный вариант)\app-excel\result\Хабургаев Павел Ринатович\Хабургаев Павел Ринатович_7. Заявление на удержание из ЗП 1 раз в 3 мес.docx
2026-09-09 12:44:48,601 - INFO -   Создан Word: C:\Projects\app-excel(Улучшенный вариант)\app-excel\result\Хабургаев Павел Ринатович\Хабургаев Павел Ринатович_8. Заявл. _патент_ на уменьшение НДФЛ.docx
2026-09-09 12:44:48,620 - INFO -   Создан Word: C:\Projects\app-excel(Улучшенный вариант)\app-excel\result\Хабургаев Павел Ринатович\Хабургаев Павел Ринатович_9. Заявление на питание.docx
2026-09-09 12:44:48,639 - INFO -   Создан Word: C:\Projects\app-excel(Улучшенный вариант)\app-excel\result\Хабургаев Павел Ринатович\Хабургаев Павел Ринатович_Анкета.docx
2026-09-09 12:44:48,696 - INFO -   Создан Word: C:\Projects\app-excel(Улучшенный вариант)\app-excel\result\Хабургаев Павел Ринатович\Хабургаев Павел Ринатович_Направление на инструктаж.docx
2026-09-09 12:44:48,786 - INFO -   Создан Word: C:\Projects\app-excel(Улучшенный вариант)\app-excel\result\Хабургаев Павел Ринатович\Хабургаев Павел Ринатович_Направление Пожарная безопасность.docx
2026-09-09 12:44:48,823 - INFO -   Создан Word: C:\Projects\app-excel(Улучшенный вариант)\app-excel\result\Хабургаев Павел Ринатович\Хабургаев Павел Ринатович_Приложение 2-9 _приказ от 12.05.2026 № 290.docx
2026-09-09 12:44:48,862 - INFO -   Создан Word: C:\Projects\app-excel(Улучшенный вариант)\app-excel\result\Хабургаев Павел Ринатович\Хабургаев Павел Ринатович_Приложение 3-9 _приказ от 12.05.2026 № 290.docx
2026-09-09 12:44:48,863 - INFO - === ГЕНЕРАЦИЯ ЗАВЕРШЕНА === Успешно: 15, Ошибок: 0
2026-09-09 12:48:26,149 - INFO - Найдено шаблонов: 15
2026-09-09 12:48:33,941 - INFO - Загружен файл: employees.xlsx, строк: 11
2026-09-09 12:51:26,938 - INFO - Найдено шаблонов: 15
2026-09-09 15:49:53,298 - INFO - Найдено шаблонов: 17
2026-09-09 15:49:53,331 - INFO - Загружен файл: employees.xlsx, строк: 11
2026-09-09 15:49:53,339 - INFO - === НАЧАЛО ГЕНЕРАЦИИ ===
2026-09-09 15:49:53,340 - INFO - Папка сохранения: result/__test_output__
2026-09-09 15:49:53,340 - INFO - Формат вывода: both
2026-09-09 15:49:53,340 - INFO - Дата заполнения для документов: 15.10.2026
2026-09-09 15:49:53,342 - INFO - [1/1] Обработка: Романов Виталий Николаевич
2026-09-09 15:49:53,370 - INFO -   Создан Excel: result/__test_output__\Романов Виталий Николаевич\Романов Виталий Николаевич_test_template.xlsx
2026-09-09 15:49:54,477 - INFO -   Создан PDF (из Excel): result/__test_output__\Романов Виталий Николаевич\Романов Виталий Николаевич_test_template.pdf
2026-09-09 15:49:54,478 - INFO - === ГЕНЕРАЦИЯ ЗАВЕРШЕНА === Успешно: 1, Ошибок: 0
2026-09-09 15:51:21,403 - INFO - Найдено шаблонов: 17
